2025-04-18 13:01:01,778 - ERROR - An error occurred: list index out of range
2025-04-18 13:02:01,631 - ERROR - 無法找到元素: Message: 
Stacktrace:
	GetHandleVerifier [0x00F18073+60707]
	GetHandleVerifier [0x00F180B4+60772]
	(No symbol) [0x00D40683]
	(No symbol) [0x00D88660]
	(No symbol) [0x00D889FB]
	(No symbol) [0x00DD1022]
	(No symbol) [0x00DAD094]
	(No symbol) [0x00DCE824]
	(No symbol) [0x00DACE46]
	(No symbol) [0x00D7C5D3]
	(No symbol) [0x00D7D424]
	GetHandleVerifier [0x0115BB53+2435075]
	GetHandleVerifier [0x011570F3+2416035]
	GetHandleVerifier [0x0117349C+2531660]
	GetHandleVerifier [0x00F2F145+155125]
	GetHandleVerifier [0x00F35AED+182173]
	GetHandleVerifier [0x00F1F948+91640]
	GetHandleVerifier [0x00F1FAF0+92064]
	GetHandleVerifier [0x00F0A5B0+4704]
	BaseThreadInitThunk [0x76E85D49+25]
	RtlInitializeExceptionChain [0x7785CF0B+107]
	RtlGetAppContainerNamedObjectPath [0x7785CE91+561]

2025-04-18 13:02:01,631 - ERROR - An error occurred: 無法找到元素: {'by': 'id', 'value': 'bt_login'}
2025-04-18 13:06:04,823 - ERROR - 無法找到登入元素: Message: element not interactable
  (Session info: chrome=135.0.7049.96)
Stacktrace:
	GetHandleVerifier [0x00F18073+60707]
	GetHandleVerifier [0x00F180B4+60772]
	(No symbol) [0x00D404FE]
	(No symbol) [0x00D897DB]
	(No symbol) [0x00D7E215]
	(No symbol) [0x00DAD04C]
	(No symbol) [0x00D7DCA4]
	(No symbol) [0x00DAD2C4]
	(No symbol) [0x00DCE824]
	(No symbol) [0x00DACE46]
	(No symbol) [0x00D7C5D3]
	(No symbol) [0x00D7D424]
	GetHandleVerifier [0x0115BB53+2435075]
	GetHandleVerifier [0x011570F3+2416035]
	GetHandleVerifier [0x0117349C+2531660]
	GetHandleVerifier [0x00F2F145+155125]
	GetHandleVerifier [0x00F35AED+182173]
	GetHandleVerifier [0x00F1F948+91640]
	GetHandleVerifier [0x00F1FAF0+92064]
	GetHandleVerifier [0x00F0A5B0+4704]
	BaseThreadInitThunk [0x76E85D49+25]
	RtlInitializeExceptionChain [0x7785CF0B+107]
	RtlGetAppContainerNamedObjectPath [0x7785CE91+561]

2025-04-18 13:06:05,332 - ERROR - 沒有提供重定向網址
2025-04-18 13:06:05,332 - ERROR - 不須重新導向
2025-04-18 13:07:14,015 - ERROR - 無法找到登入元素: Message: element not interactable
  (Session info: chrome=135.0.7049.96)
Stacktrace:
	GetHandleVerifier [0x00F18073+60707]
	GetHandleVerifier [0x00F180B4+60772]
	(No symbol) [0x00D404FE]
	(No symbol) [0x00D897DB]
	(No symbol) [0x00D7E215]
	(No symbol) [0x00DAD04C]
	(No symbol) [0x00D7DCA4]
	(No symbol) [0x00DAD2C4]
	(No symbol) [0x00DCE824]
	(No symbol) [0x00DACE46]
	(No symbol) [0x00D7C5D3]
	(No symbol) [0x00D7D424]
	GetHandleVerifier [0x0115BB53+2435075]
	GetHandleVerifier [0x011570F3+2416035]
	GetHandleVerifier [0x0117349C+2531660]
	GetHandleVerifier [0x00F2F145+155125]
	GetHandleVerifier [0x00F35AED+182173]
	GetHandleVerifier [0x00F1F948+91640]
	GetHandleVerifier [0x00F1FAF0+92064]
	GetHandleVerifier [0x00F0A5B0+4704]
	BaseThreadInitThunk [0x76E85D49+25]
	RtlInitializeExceptionChain [0x7785CF0B+107]
	RtlGetAppContainerNamedObjectPath [0x7785CE91+561]

2025-04-18 13:07:14,523 - ERROR - 沒有提供重定向網址
2025-04-18 13:07:14,523 - ERROR - 不須重新導向
2025-04-18 13:07:53,112 - ERROR - 無法找到登入元素: Message: element not interactable
  (Session info: chrome=135.0.7049.96)
Stacktrace:
	GetHandleVerifier [0x00F18073+60707]
	GetHandleVerifier [0x00F180B4+60772]
	(No symbol) [0x00D404FE]
	(No symbol) [0x00D897DB]
	(No symbol) [0x00D7E215]
	(No symbol) [0x00DAD04C]
	(No symbol) [0x00D7DCA4]
	(No symbol) [0x00DAD2C4]
	(No symbol) [0x00DCE824]
	(No symbol) [0x00DACE46]
	(No symbol) [0x00D7C5D3]
	(No symbol) [0x00D7D424]
	GetHandleVerifier [0x0115BB53+2435075]
	GetHandleVerifier [0x011570F3+2416035]
	GetHandleVerifier [0x0117349C+2531660]
	GetHandleVerifier [0x00F2F145+155125]
	GetHandleVerifier [0x00F35AED+182173]
	GetHandleVerifier [0x00F1F948+91640]
	GetHandleVerifier [0x00F1FAF0+92064]
	GetHandleVerifier [0x00F0A5B0+4704]
	BaseThreadInitThunk [0x76E85D49+25]
	RtlInitializeExceptionChain [0x7785CF0B+107]
	RtlGetAppContainerNamedObjectPath [0x7785CE91+561]

2025-04-18 13:07:53,624 - ERROR - 沒有提供重定向網址
2025-04-18 13:07:53,624 - ERROR - 不須重新導向
2025-04-18 13:09:05,986 - ERROR - 沒有提供重定向網址
2025-04-18 13:09:05,986 - ERROR - 不須重新導向
2025-04-18 13:09:18,496 - ERROR - 沒有提供重定向網址
2025-04-18 13:09:18,496 - ERROR - 不須重新導向
2025-04-18 13:27:45,071 - ERROR - 沒有提供重定向網址
2025-04-18 13:27:45,073 - ERROR - 不須重新導向
2025-04-18 15:00:25,313 - ERROR - An error occurred: list index out of range
2025-04-18 15:05:12,987 - ERROR - 沒有提供重定向網址
2025-04-18 15:05:12,988 - ERROR - 不須重新導向
2025-04-18 15:05:29,611 - ERROR - 沒有提供重定向網址
2025-04-18 15:05:29,611 - ERROR - 不須重新導向
2025-04-18 15:05:44,985 - ERROR - 沒有提供重定向網址
2025-04-18 15:05:44,986 - ERROR - 不須重新導向
2025-04-18 15:13:46,540 - ERROR - 沒有提供重定向網址
2025-04-18 15:13:46,540 - ERROR - 不須重新導向
2025-04-18 15:14:01,733 - ERROR - 沒有提供重定向網址
2025-04-18 15:14:01,734 - ERROR - 不須重新導向
2025-04-18 15:14:46,454 - ERROR - 沒有提供重定向網址
2025-04-18 15:14:46,454 - ERROR - 不須重新導向
2025-04-18 15:16:08,406 - ERROR - 沒有提供重定向網址
2025-04-18 15:16:08,406 - ERROR - 不須重新導向
2025-04-18 16:28:56,849 - ERROR - 沒有提供重定向網址
2025-04-18 16:28:56,850 - ERROR - 不須重新導向
2025-04-18 16:29:00,627 - ERROR - 沒有提供重定向網址
2025-04-18 16:29:00,627 - ERROR - 不須重新導向
2025-04-18 16:29:29,186 - ERROR - 沒有提供重定向網址
2025-04-18 16:29:29,187 - ERROR - 不須重新導向
2025-04-18 16:29:48,071 - ERROR - 沒有提供重定向網址
2025-04-18 16:29:48,072 - ERROR - 不須重新導向
2025-04-18 16:32:38,354 - ERROR - 沒有提供重定向網址
2025-04-18 16:32:38,355 - ERROR - 不須重新導向
2025-04-18 16:33:14,391 - ERROR - 沒有提供重定向網址
2025-04-18 16:33:14,392 - ERROR - 不須重新導向
2025-04-18 16:34:48,515 - ERROR - 沒有提供重定向網址
2025-04-18 16:34:48,515 - ERROR - 不須重新導向
2025-04-18 16:35:01,948 - ERROR - 沒有提供重定向網址
2025-04-18 16:35:01,948 - ERROR - 不須重新導向
2025-04-18 16:35:56,112 - ERROR - 沒有提供重定向網址
2025-04-18 16:35:56,112 - ERROR - 不須重新導向
2025-04-18 16:36:05,458 - ERROR - 沒有提供重定向網址
2025-04-18 16:36:05,458 - ERROR - 不須重新導向
2025-04-18 16:38:13,726 - ERROR - 沒有提供重定向網址
2025-04-18 16:38:13,727 - ERROR - 不須重新導向
2025-04-18 16:38:23,509 - ERROR - 沒有提供重定向網址
2025-04-18 16:38:23,509 - ERROR - 不須重新導向
2025-04-18 16:40:08,516 - ERROR - 沒有提供重定向網址
2025-04-18 16:40:08,517 - ERROR - 不須重新導向
2025-04-18 19:51:29,475 - ERROR - 無法找到登入元素: Message: stale element reference: stale element not found
  (Session info: chrome=135.0.7049.96); For documentation on this error, please visit: https://www.selenium.dev/documentation/webdriver/troubleshooting/errors#stale-element-reference-exception
Stacktrace:
	GetHandleVerifier [0x002E8073+60707]
	GetHandleVerifier [0x002E80B4+60772]
	(No symbol) [0x00110683]
	(No symbol) [0x00122081]
	(No symbol) [0x00121160]
	(No symbol) [0x00117893]
	(No symbol) [0x00115D9A]
	(No symbol) [0x001190DA]
	(No symbol) [0x00119157]
	(No symbol) [0x0015C4B4]
	(No symbol) [0x0015A887]
	(No symbol) [0x00159B8B]
	(No symbol) [0x0014E215]
	(No symbol) [0x0017D04C]
	(No symbol) [0x0014DCA4]
	(No symbol) [0x0017D2C4]
	(No symbol) [0x0019E824]
	(No symbol) [0x0017CE46]
	(No symbol) [0x0014C5D3]
	(No symbol) [0x0014D424]
	GetHandleVerifier [0x0052BB53+2435075]
	GetHandleVerifier [0x005270F3+2416035]
	GetHandleVerifier [0x0054349C+2531660]
	GetHandleVerifier [0x002FF145+155125]
	GetHandleVerifier [0x00305AED+182173]
	GetHandleVerifier [0x002EF948+91640]
	GetHandleVerifier [0x002EFAF0+92064]
	GetHandleVerifier [0x002DA5B0+4704]
	BaseThreadInitThunk [0x767A5D49+25]
	RtlInitializeExceptionChain [0x7706CF0B+107]
	RtlGetAppContainerNamedObjectPath [0x7706CE91+561]
	(No symbol) [0x00000000]

2025-04-18 19:51:30,175 - ERROR - 驗證碼辨識失敗: Message: unknown error: unhandled inspector error: {"code":-32000,"message":"Cannot take screenshot with 0 width."}
  (Session info: chrome=135.0.7049.96)
Stacktrace:
	GetHandleVerifier [0x002E8073+60707]
	GetHandleVerifier [0x002E80B4+60772]
	(No symbol) [0x00110683]
	(No symbol) [0x001007C0]
	(No symbol) [0x000FF185]
	(No symbol) [0x000FF9ED]
	(No symbol) [0x0011E20A]
	(No symbol) [0x00155A65]
	(No symbol) [0x0017D04C]
	(No symbol) [0x0014DCA4]
	(No symbol) [0x0017D2C4]
	(No symbol) [0x0019E824]
	(No symbol) [0x0017CE46]
	(No symbol) [0x0014C5D3]
	(No symbol) [0x0014D424]
	GetHandleVerifier [0x0052BB53+2435075]
	GetHandleVerifier [0x005270F3+2416035]
	GetHandleVerifier [0x0054349C+2531660]
	GetHandleVerifier [0x002FF145+155125]
	GetHandleVerifier [0x00305AED+182173]
	GetHandleVerifier [0x002EF948+91640]
	GetHandleVerifier [0x002EFAF0+92064]
	GetHandleVerifier [0x002DA5B0+4704]
	BaseThreadInitThunk [0x767A5D49+25]
	RtlInitializeExceptionChain [0x7706CF0B+107]
	RtlGetAppContainerNamedObjectPath [0x7706CE91+561]
	(No symbol) [0x00000000]

2025-04-18 19:51:30,189 - ERROR - 無法找到登入元素: Message: element not interactable
  (Session info: chrome=135.0.7049.96)
Stacktrace:
	GetHandleVerifier [0x002E8073+60707]
	GetHandleVerifier [0x002E80B4+60772]
	(No symbol) [0x001104FE]
	(No symbol) [0x001597DB]
	(No symbol) [0x0014E215]
	(No symbol) [0x0017D04C]
	(No symbol) [0x0014DCA4]
	(No symbol) [0x0017D2C4]
	(No symbol) [0x0019E824]
	(No symbol) [0x0017CE46]
	(No symbol) [0x0014C5D3]
	(No symbol) [0x0014D424]
	GetHandleVerifier [0x0052BB53+2435075]
	GetHandleVerifier [0x005270F3+2416035]
	GetHandleVerifier [0x0054349C+2531660]
	GetHandleVerifier [0x002FF145+155125]
	GetHandleVerifier [0x00305AED+182173]
	GetHandleVerifier [0x002EF948+91640]
	GetHandleVerifier [0x002EFAF0+92064]
	GetHandleVerifier [0x002DA5B0+4704]
	BaseThreadInitThunk [0x767A5D49+25]
	RtlInitializeExceptionChain [0x7706CF0B+107]
	RtlGetAppContainerNamedObjectPath [0x7706CE91+561]
	(No symbol) [0x00000000]

2025-04-18 19:51:30,494 - ERROR - 驗證碼辨識失敗: Message: unknown error: unhandled inspector error: {"code":-32000,"message":"Cannot take screenshot with 0 width."}
  (Session info: chrome=135.0.7049.96)
Stacktrace:
	GetHandleVerifier [0x002E8073+60707]
	GetHandleVerifier [0x002E80B4+60772]
	(No symbol) [0x00110683]
	(No symbol) [0x001007C0]
	(No symbol) [0x000FF185]
	(No symbol) [0x000FF9ED]
	(No symbol) [0x0011E20A]
	(No symbol) [0x00155A65]
	(No symbol) [0x0017D04C]
	(No symbol) [0x0014DCA4]
	(No symbol) [0x0017D2C4]
	(No symbol) [0x0019E824]
	(No symbol) [0x0017CE46]
	(No symbol) [0x0014C5D3]
	(No symbol) [0x0014D424]
	GetHandleVerifier [0x0052BB53+2435075]
	GetHandleVerifier [0x005270F3+2416035]
	GetHandleVerifier [0x0054349C+2531660]
	GetHandleVerifier [0x002FF145+155125]
	GetHandleVerifier [0x00305AED+182173]
	GetHandleVerifier [0x002EF948+91640]
	GetHandleVerifier [0x002EFAF0+92064]
	GetHandleVerifier [0x002DA5B0+4704]
	BaseThreadInitThunk [0x767A5D49+25]
	RtlInitializeExceptionChain [0x7706CF0B+107]
	RtlGetAppContainerNamedObjectPath [0x7706CE91+561]
	(No symbol) [0x00000000]

2025-04-18 19:51:30,504 - ERROR - 無法找到登入元素: Message: element not interactable
  (Session info: chrome=135.0.7049.96)
Stacktrace:
	GetHandleVerifier [0x002E8073+60707]
	GetHandleVerifier [0x002E80B4+60772]
	(No symbol) [0x001104FE]
	(No symbol) [0x001597DB]
	(No symbol) [0x0014E215]
	(No symbol) [0x0017D04C]
	(No symbol) [0x0014DCA4]
	(No symbol) [0x0017D2C4]
	(No symbol) [0x0019E824]
	(No symbol) [0x0017CE46]
	(No symbol) [0x0014C5D3]
	(No symbol) [0x0014D424]
	GetHandleVerifier [0x0052BB53+2435075]
	GetHandleVerifier [0x005270F3+2416035]
	GetHandleVerifier [0x0054349C+2531660]
	GetHandleVerifier [0x002FF145+155125]
	GetHandleVerifier [0x00305AED+182173]
	GetHandleVerifier [0x002EF948+91640]
	GetHandleVerifier [0x002EFAF0+92064]
	GetHandleVerifier [0x002DA5B0+4704]
	BaseThreadInitThunk [0x767A5D49+25]
	RtlInitializeExceptionChain [0x7706CF0B+107]
	RtlGetAppContainerNamedObjectPath [0x7706CE91+561]
	(No symbol) [0x00000000]

2025-04-18 19:51:30,792 - ERROR - 驗證碼辨識失敗: Message: unknown error: unhandled inspector error: {"code":-32000,"message":"Cannot take screenshot with 0 width."}
  (Session info: chrome=135.0.7049.96)
Stacktrace:
	GetHandleVerifier [0x002E8073+60707]
	GetHandleVerifier [0x002E80B4+60772]
	(No symbol) [0x00110683]
	(No symbol) [0x001007C0]
	(No symbol) [0x000FF185]
	(No symbol) [0x000FF9ED]
	(No symbol) [0x0011E20A]
	(No symbol) [0x00155A65]
	(No symbol) [0x0017D04C]
	(No symbol) [0x0014DCA4]
	(No symbol) [0x0017D2C4]
	(No symbol) [0x0019E824]
	(No symbol) [0x0017CE46]
	(No symbol) [0x0014C5D3]
	(No symbol) [0x0014D424]
	GetHandleVerifier [0x0052BB53+2435075]
	GetHandleVerifier [0x005270F3+2416035]
	GetHandleVerifier [0x0054349C+2531660]
	GetHandleVerifier [0x002FF145+155125]
	GetHandleVerifier [0x00305AED+182173]
	GetHandleVerifier [0x002EF948+91640]
	GetHandleVerifier [0x002EFAF0+92064]
	GetHandleVerifier [0x002DA5B0+4704]
	BaseThreadInitThunk [0x767A5D49+25]
	RtlInitializeExceptionChain [0x7706CF0B+107]
	RtlGetAppContainerNamedObjectPath [0x7706CE91+561]
	(No symbol) [0x00000000]

2025-04-18 19:51:30,803 - ERROR - 無法找到登入元素: Message: element not interactable
  (Session info: chrome=135.0.7049.96)
Stacktrace:
	GetHandleVerifier [0x002E8073+60707]
	GetHandleVerifier [0x002E80B4+60772]
	(No symbol) [0x001104FE]
	(No symbol) [0x001597DB]
	(No symbol) [0x0014E215]
	(No symbol) [0x0017D04C]
	(No symbol) [0x0014DCA4]
	(No symbol) [0x0017D2C4]
	(No symbol) [0x0019E824]
	(No symbol) [0x0017CE46]
	(No symbol) [0x0014C5D3]
	(No symbol) [0x0014D424]
	GetHandleVerifier [0x0052BB53+2435075]
	GetHandleVerifier [0x005270F3+2416035]
	GetHandleVerifier [0x0054349C+2531660]
	GetHandleVerifier [0x002FF145+155125]
	GetHandleVerifier [0x00305AED+182173]
	GetHandleVerifier [0x002EF948+91640]
	GetHandleVerifier [0x002EFAF0+92064]
	GetHandleVerifier [0x002DA5B0+4704]
	BaseThreadInitThunk [0x767A5D49+25]
	RtlInitializeExceptionChain [0x7706CF0B+107]
	RtlGetAppContainerNamedObjectPath [0x7706CE91+561]
	(No symbol) [0x00000000]

2025-04-18 19:51:31,222 - ERROR - 驗證碼辨識失敗: Message: unknown error: unhandled inspector error: {"code":-32000,"message":"Cannot take screenshot with 0 width."}
  (Session info: chrome=135.0.7049.96)
Stacktrace:
	GetHandleVerifier [0x002E8073+60707]
	GetHandleVerifier [0x002E80B4+60772]
	(No symbol) [0x00110683]
	(No symbol) [0x001007C0]
	(No symbol) [0x000FF185]
	(No symbol) [0x000FF9ED]
	(No symbol) [0x0011E20A]
	(No symbol) [0x00155A65]
	(No symbol) [0x0017D04C]
	(No symbol) [0x0014DCA4]
	(No symbol) [0x0017D2C4]
	(No symbol) [0x0019E824]
	(No symbol) [0x0017CE46]
	(No symbol) [0x0014C5D3]
	(No symbol) [0x0014D424]
	GetHandleVerifier [0x0052BB53+2435075]
	GetHandleVerifier [0x005270F3+2416035]
	GetHandleVerifier [0x0054349C+2531660]
	GetHandleVerifier [0x002FF145+155125]
	GetHandleVerifier [0x00305AED+182173]
	GetHandleVerifier [0x002EF948+91640]
	GetHandleVerifier [0x002EFAF0+92064]
	GetHandleVerifier [0x002DA5B0+4704]
	BaseThreadInitThunk [0x767A5D49+25]
	RtlInitializeExceptionChain [0x7706CF0B+107]
	RtlGetAppContainerNamedObjectPath [0x7706CE91+561]
	(No symbol) [0x00000000]

2025-04-18 19:51:31,233 - ERROR - 無法找到登入元素: Message: element not interactable
  (Session info: chrome=135.0.7049.96)
Stacktrace:
	GetHandleVerifier [0x002E8073+60707]
	GetHandleVerifier [0x002E80B4+60772]
	(No symbol) [0x001104FE]
	(No symbol) [0x001597DB]
	(No symbol) [0x0014E215]
	(No symbol) [0x0017D04C]
	(No symbol) [0x0014DCA4]
	(No symbol) [0x0017D2C4]
	(No symbol) [0x0019E824]
	(No symbol) [0x0017CE46]
	(No symbol) [0x0014C5D3]
	(No symbol) [0x0014D424]
	GetHandleVerifier [0x0052BB53+2435075]
	GetHandleVerifier [0x005270F3+2416035]
	GetHandleVerifier [0x0054349C+2531660]
	GetHandleVerifier [0x002FF145+155125]
	GetHandleVerifier [0x00305AED+182173]
	GetHandleVerifier [0x002EF948+91640]
	GetHandleVerifier [0x002EFAF0+92064]
	GetHandleVerifier [0x002DA5B0+4704]
	BaseThreadInitThunk [0x767A5D49+25]
	RtlInitializeExceptionChain [0x7706CF0B+107]
	RtlGetAppContainerNamedObjectPath [0x7706CE91+561]
	(No symbol) [0x00000000]

2025-04-18 19:51:31,508 - ERROR - 驗證碼辨識失敗: Message: unknown error: unhandled inspector error: {"code":-32000,"message":"Cannot take screenshot with 0 width."}
  (Session info: chrome=135.0.7049.96)
Stacktrace:
	GetHandleVerifier [0x002E8073+60707]
	GetHandleVerifier [0x002E80B4+60772]
	(No symbol) [0x00110683]
	(No symbol) [0x001007C0]
	(No symbol) [0x000FF185]
	(No symbol) [0x000FF9ED]
	(No symbol) [0x0011E20A]
	(No symbol) [0x00155A65]
	(No symbol) [0x0017D04C]
	(No symbol) [0x0014DCA4]
	(No symbol) [0x0017D2C4]
	(No symbol) [0x0019E824]
	(No symbol) [0x0017CE46]
	(No symbol) [0x0014C5D3]
	(No symbol) [0x0014D424]
	GetHandleVerifier [0x0052BB53+2435075]
	GetHandleVerifier [0x005270F3+2416035]
	GetHandleVerifier [0x0054349C+2531660]
	GetHandleVerifier [0x002FF145+155125]
	GetHandleVerifier [0x00305AED+182173]
	GetHandleVerifier [0x002EF948+91640]
	GetHandleVerifier [0x002EFAF0+92064]
	GetHandleVerifier [0x002DA5B0+4704]
	BaseThreadInitThunk [0x767A5D49+25]
	RtlInitializeExceptionChain [0x7706CF0B+107]
	RtlGetAppContainerNamedObjectPath [0x7706CE91+561]
	(No symbol) [0x00000000]

2025-04-18 19:51:31,519 - ERROR - 無法找到登入元素: Message: element not interactable
  (Session info: chrome=135.0.7049.96)
Stacktrace:
	GetHandleVerifier [0x002E8073+60707]
	GetHandleVerifier [0x002E80B4+60772]
	(No symbol) [0x001104FE]
	(No symbol) [0x001597DB]
	(No symbol) [0x0014E215]
	(No symbol) [0x0017D04C]
	(No symbol) [0x0014DCA4]
	(No symbol) [0x0017D2C4]
	(No symbol) [0x0019E824]
	(No symbol) [0x0017CE46]
	(No symbol) [0x0014C5D3]
	(No symbol) [0x0014D424]
	GetHandleVerifier [0x0052BB53+2435075]
	GetHandleVerifier [0x005270F3+2416035]
	GetHandleVerifier [0x0054349C+2531660]
	GetHandleVerifier [0x002FF145+155125]
	GetHandleVerifier [0x00305AED+182173]
	GetHandleVerifier [0x002EF948+91640]
	GetHandleVerifier [0x002EFAF0+92064]
	GetHandleVerifier [0x002DA5B0+4704]
	BaseThreadInitThunk [0x767A5D49+25]
	RtlInitializeExceptionChain [0x7706CF0B+107]
	RtlGetAppContainerNamedObjectPath [0x7706CE91+561]
	(No symbol) [0x00000000]

2025-04-18 19:51:31,794 - ERROR - 驗證碼辨識失敗: Message: unknown error: unhandled inspector error: {"code":-32000,"message":"Cannot take screenshot with 0 width."}
  (Session info: chrome=135.0.7049.96)
Stacktrace:
	GetHandleVerifier [0x002E8073+60707]
	GetHandleVerifier [0x002E80B4+60772]
	(No symbol) [0x00110683]
	(No symbol) [0x001007C0]
	(No symbol) [0x000FF185]
	(No symbol) [0x000FF9ED]
	(No symbol) [0x0011E20A]
	(No symbol) [0x00155A65]
	(No symbol) [0x0017D04C]
	(No symbol) [0x0014DCA4]
	(No symbol) [0x0017D2C4]
	(No symbol) [0x0019E824]
	(No symbol) [0x0017CE46]
	(No symbol) [0x0014C5D3]
	(No symbol) [0x0014D424]
	GetHandleVerifier [0x0052BB53+2435075]
	GetHandleVerifier [0x005270F3+2416035]
	GetHandleVerifier [0x0054349C+2531660]
	GetHandleVerifier [0x002FF145+155125]
	GetHandleVerifier [0x00305AED+182173]
	GetHandleVerifier [0x002EF948+91640]
	GetHandleVerifier [0x002EFAF0+92064]
	GetHandleVerifier [0x002DA5B0+4704]
	BaseThreadInitThunk [0x767A5D49+25]
	RtlInitializeExceptionChain [0x7706CF0B+107]
	RtlGetAppContainerNamedObjectPath [0x7706CE91+561]
	(No symbol) [0x00000000]

2025-04-18 19:51:31,806 - ERROR - 無法找到登入元素: Message: element not interactable
  (Session info: chrome=135.0.7049.96)
Stacktrace:
	GetHandleVerifier [0x002E8073+60707]
	GetHandleVerifier [0x002E80B4+60772]
	(No symbol) [0x001104FE]
	(No symbol) [0x001597DB]
	(No symbol) [0x0014E215]
	(No symbol) [0x0017D04C]
	(No symbol) [0x0014DCA4]
	(No symbol) [0x0017D2C4]
	(No symbol) [0x0019E824]
	(No symbol) [0x0017CE46]
	(No symbol) [0x0014C5D3]
	(No symbol) [0x0014D424]
	GetHandleVerifier [0x0052BB53+2435075]
	GetHandleVerifier [0x005270F3+2416035]
	GetHandleVerifier [0x0054349C+2531660]
	GetHandleVerifier [0x002FF145+155125]
	GetHandleVerifier [0x00305AED+182173]
	GetHandleVerifier [0x002EF948+91640]
	GetHandleVerifier [0x002EFAF0+92064]
	GetHandleVerifier [0x002DA5B0+4704]
	BaseThreadInitThunk [0x767A5D49+25]
	RtlInitializeExceptionChain [0x7706CF0B+107]
	RtlGetAppContainerNamedObjectPath [0x7706CE91+561]
	(No symbol) [0x00000000]

2025-04-18 19:51:32,186 - ERROR - 驗證碼辨識失敗: Message: unknown error: unhandled inspector error: {"code":-32000,"message":"Cannot take screenshot with 0 width."}
  (Session info: chrome=135.0.7049.96)
Stacktrace:
	GetHandleVerifier [0x002E8073+60707]
	GetHandleVerifier [0x002E80B4+60772]
	(No symbol) [0x00110683]
	(No symbol) [0x001007C0]
	(No symbol) [0x000FF185]
	(No symbol) [0x000FF9ED]
	(No symbol) [0x0011E20A]
	(No symbol) [0x00155A65]
	(No symbol) [0x0017D04C]
	(No symbol) [0x0014DCA4]
	(No symbol) [0x0017D2C4]
	(No symbol) [0x0019E824]
	(No symbol) [0x0017CE46]
	(No symbol) [0x0014C5D3]
	(No symbol) [0x0014D424]
	GetHandleVerifier [0x0052BB53+2435075]
	GetHandleVerifier [0x005270F3+2416035]
	GetHandleVerifier [0x0054349C+2531660]
	GetHandleVerifier [0x002FF145+155125]
	GetHandleVerifier [0x00305AED+182173]
	GetHandleVerifier [0x002EF948+91640]
	GetHandleVerifier [0x002EFAF0+92064]
	GetHandleVerifier [0x002DA5B0+4704]
	BaseThreadInitThunk [0x767A5D49+25]
	RtlInitializeExceptionChain [0x7706CF0B+107]
	RtlGetAppContainerNamedObjectPath [0x7706CE91+561]
	(No symbol) [0x00000000]

2025-04-18 19:51:32,197 - ERROR - 無法找到登入元素: Message: element not interactable
  (Session info: chrome=135.0.7049.96)
Stacktrace:
	GetHandleVerifier [0x002E8073+60707]
	GetHandleVerifier [0x002E80B4+60772]
	(No symbol) [0x001104FE]
	(No symbol) [0x001597DB]
	(No symbol) [0x0014E215]
	(No symbol) [0x0017D04C]
	(No symbol) [0x0014DCA4]
	(No symbol) [0x0017D2C4]
	(No symbol) [0x0019E824]
	(No symbol) [0x0017CE46]
	(No symbol) [0x0014C5D3]
	(No symbol) [0x0014D424]
	GetHandleVerifier [0x0052BB53+2435075]
	GetHandleVerifier [0x005270F3+2416035]
	GetHandleVerifier [0x0054349C+2531660]
	GetHandleVerifier [0x002FF145+155125]
	GetHandleVerifier [0x00305AED+182173]
	GetHandleVerifier [0x002EF948+91640]
	GetHandleVerifier [0x002EFAF0+92064]
	GetHandleVerifier [0x002DA5B0+4704]
	BaseThreadInitThunk [0x767A5D49+25]
	RtlInitializeExceptionChain [0x7706CF0B+107]
	RtlGetAppContainerNamedObjectPath [0x7706CE91+561]
	(No symbol) [0x00000000]

2025-04-18 19:51:32,468 - ERROR - 驗證碼辨識失敗: Message: unknown error: unhandled inspector error: {"code":-32000,"message":"Cannot take screenshot with 0 width."}
  (Session info: chrome=135.0.7049.96)
Stacktrace:
	GetHandleVerifier [0x002E8073+60707]
	GetHandleVerifier [0x002E80B4+60772]
	(No symbol) [0x00110683]
	(No symbol) [0x001007C0]
	(No symbol) [0x000FF185]
	(No symbol) [0x000FF9ED]
	(No symbol) [0x0011E20A]
	(No symbol) [0x00155A65]
	(No symbol) [0x0017D04C]
	(No symbol) [0x0014DCA4]
	(No symbol) [0x0017D2C4]
	(No symbol) [0x0019E824]
	(No symbol) [0x0017CE46]
	(No symbol) [0x0014C5D3]
	(No symbol) [0x0014D424]
	GetHandleVerifier [0x0052BB53+2435075]
	GetHandleVerifier [0x005270F3+2416035]
	GetHandleVerifier [0x0054349C+2531660]
	GetHandleVerifier [0x002FF145+155125]
	GetHandleVerifier [0x00305AED+182173]
	GetHandleVerifier [0x002EF948+91640]
	GetHandleVerifier [0x002EFAF0+92064]
	GetHandleVerifier [0x002DA5B0+4704]
	BaseThreadInitThunk [0x767A5D49+25]
	RtlInitializeExceptionChain [0x7706CF0B+107]
	RtlGetAppContainerNamedObjectPath [0x7706CE91+561]
	(No symbol) [0x00000000]

2025-04-18 19:51:32,482 - ERROR - 無法找到登入元素: Message: element not interactable
  (Session info: chrome=135.0.7049.96)
Stacktrace:
	GetHandleVerifier [0x002E8073+60707]
	GetHandleVerifier [0x002E80B4+60772]
	(No symbol) [0x001104FE]
	(No symbol) [0x001597DB]
	(No symbol) [0x0014E215]
	(No symbol) [0x0017D04C]
	(No symbol) [0x0014DCA4]
	(No symbol) [0x0017D2C4]
	(No symbol) [0x0019E824]
	(No symbol) [0x0017CE46]
	(No symbol) [0x0014C5D3]
	(No symbol) [0x0014D424]
	GetHandleVerifier [0x0052BB53+2435075]
	GetHandleVerifier [0x005270F3+2416035]
	GetHandleVerifier [0x0054349C+2531660]
	GetHandleVerifier [0x002FF145+155125]
	GetHandleVerifier [0x00305AED+182173]
	GetHandleVerifier [0x002EF948+91640]
	GetHandleVerifier [0x002EFAF0+92064]
	GetHandleVerifier [0x002DA5B0+4704]
	BaseThreadInitThunk [0x767A5D49+25]
	RtlInitializeExceptionChain [0x7706CF0B+107]
	RtlGetAppContainerNamedObjectPath [0x7706CE91+561]
	(No symbol) [0x00000000]

2025-04-18 19:51:32,889 - ERROR - 驗證碼辨識失敗: Message: unknown error: unhandled inspector error: {"code":-32000,"message":"Cannot take screenshot with 0 width."}
  (Session info: chrome=135.0.7049.96)
Stacktrace:
	GetHandleVerifier [0x002E8073+60707]
	GetHandleVerifier [0x002E80B4+60772]
	(No symbol) [0x00110683]
	(No symbol) [0x001007C0]
	(No symbol) [0x000FF185]
	(No symbol) [0x000FF9ED]
	(No symbol) [0x0011E20A]
	(No symbol) [0x00155A65]
	(No symbol) [0x0017D04C]
	(No symbol) [0x0014DCA4]
	(No symbol) [0x0017D2C4]
	(No symbol) [0x0019E824]
	(No symbol) [0x0017CE46]
	(No symbol) [0x0014C5D3]
	(No symbol) [0x0014D424]
	GetHandleVerifier [0x0052BB53+2435075]
	GetHandleVerifier [0x005270F3+2416035]
	GetHandleVerifier [0x0054349C+2531660]
	GetHandleVerifier [0x002FF145+155125]
	GetHandleVerifier [0x00305AED+182173]
	GetHandleVerifier [0x002EF948+91640]
	GetHandleVerifier [0x002EFAF0+92064]
	GetHandleVerifier [0x002DA5B0+4704]
	BaseThreadInitThunk [0x767A5D49+25]
	RtlInitializeExceptionChain [0x7706CF0B+107]
	RtlGetAppContainerNamedObjectPath [0x7706CE91+561]
	(No symbol) [0x00000000]

2025-04-18 19:51:32,900 - ERROR - 無法找到登入元素: Message: element not interactable
  (Session info: chrome=135.0.7049.96)
Stacktrace:
	GetHandleVerifier [0x002E8073+60707]
	GetHandleVerifier [0x002E80B4+60772]
	(No symbol) [0x001104FE]
	(No symbol) [0x001597DB]
	(No symbol) [0x0014E215]
	(No symbol) [0x0017D04C]
	(No symbol) [0x0014DCA4]
	(No symbol) [0x0017D2C4]
	(No symbol) [0x0019E824]
	(No symbol) [0x0017CE46]
	(No symbol) [0x0014C5D3]
	(No symbol) [0x0014D424]
	GetHandleVerifier [0x0052BB53+2435075]
	GetHandleVerifier [0x005270F3+2416035]
	GetHandleVerifier [0x0054349C+2531660]
	GetHandleVerifier [0x002FF145+155125]
	GetHandleVerifier [0x00305AED+182173]
	GetHandleVerifier [0x002EF948+91640]
	GetHandleVerifier [0x002EFAF0+92064]
	GetHandleVerifier [0x002DA5B0+4704]
	BaseThreadInitThunk [0x767A5D49+25]
	RtlInitializeExceptionChain [0x7706CF0B+107]
	RtlGetAppContainerNamedObjectPath [0x7706CE91+561]
	(No symbol) [0x00000000]

2025-04-18 19:51:33,191 - ERROR - 驗證碼辨識失敗: Message: unknown error: unhandled inspector error: {"code":-32000,"message":"Cannot take screenshot with 0 width."}
  (Session info: chrome=135.0.7049.96)
Stacktrace:
	GetHandleVerifier [0x002E8073+60707]
	GetHandleVerifier [0x002E80B4+60772]
	(No symbol) [0x00110683]
	(No symbol) [0x001007C0]
	(No symbol) [0x000FF185]
	(No symbol) [0x000FF9ED]
	(No symbol) [0x0011E20A]
	(No symbol) [0x00155A65]
	(No symbol) [0x0017D04C]
	(No symbol) [0x0014DCA4]
	(No symbol) [0x0017D2C4]
	(No symbol) [0x0019E824]
	(No symbol) [0x0017CE46]
	(No symbol) [0x0014C5D3]
	(No symbol) [0x0014D424]
	GetHandleVerifier [0x0052BB53+2435075]
	GetHandleVerifier [0x005270F3+2416035]
	GetHandleVerifier [0x0054349C+2531660]
	GetHandleVerifier [0x002FF145+155125]
	GetHandleVerifier [0x00305AED+182173]
	GetHandleVerifier [0x002EF948+91640]
	GetHandleVerifier [0x002EFAF0+92064]
	GetHandleVerifier [0x002DA5B0+4704]
	BaseThreadInitThunk [0x767A5D49+25]
	RtlInitializeExceptionChain [0x7706CF0B+107]
	RtlGetAppContainerNamedObjectPath [0x7706CE91+561]
	(No symbol) [0x00000000]

2025-04-18 19:51:33,206 - ERROR - 無法找到登入元素: Message: element not interactable
  (Session info: chrome=135.0.7049.96)
Stacktrace:
	GetHandleVerifier [0x002E8073+60707]
	GetHandleVerifier [0x002E80B4+60772]
	(No symbol) [0x001104FE]
	(No symbol) [0x001597DB]
	(No symbol) [0x0014E215]
	(No symbol) [0x0017D04C]
	(No symbol) [0x0014DCA4]
	(No symbol) [0x0017D2C4]
	(No symbol) [0x0019E824]
	(No symbol) [0x0017CE46]
	(No symbol) [0x0014C5D3]
	(No symbol) [0x0014D424]
	GetHandleVerifier [0x0052BB53+2435075]
	GetHandleVerifier [0x005270F3+2416035]
	GetHandleVerifier [0x0054349C+2531660]
	GetHandleVerifier [0x002FF145+155125]
	GetHandleVerifier [0x00305AED+182173]
	GetHandleVerifier [0x002EF948+91640]
	GetHandleVerifier [0x002EFAF0+92064]
	GetHandleVerifier [0x002DA5B0+4704]
	BaseThreadInitThunk [0x767A5D49+25]
	RtlInitializeExceptionChain [0x7706CF0B+107]
	RtlGetAppContainerNamedObjectPath [0x7706CE91+561]
	(No symbol) [0x00000000]

2025-04-18 19:51:33,623 - ERROR - 驗證碼辨識失敗: Message: unknown error: unhandled inspector error: {"code":-32000,"message":"Cannot take screenshot with 0 width."}
  (Session info: chrome=135.0.7049.96)
Stacktrace:
	GetHandleVerifier [0x002E8073+60707]
	GetHandleVerifier [0x002E80B4+60772]
	(No symbol) [0x00110683]
	(No symbol) [0x001007C0]
	(No symbol) [0x000FF185]
	(No symbol) [0x000FF9ED]
	(No symbol) [0x0011E20A]
	(No symbol) [0x00155A65]
	(No symbol) [0x0017D04C]
	(No symbol) [0x0014DCA4]
	(No symbol) [0x0017D2C4]
	(No symbol) [0x0019E824]
	(No symbol) [0x0017CE46]
	(No symbol) [0x0014C5D3]
	(No symbol) [0x0014D424]
	GetHandleVerifier [0x0052BB53+2435075]
	GetHandleVerifier [0x005270F3+2416035]
	GetHandleVerifier [0x0054349C+2531660]
	GetHandleVerifier [0x002FF145+155125]
	GetHandleVerifier [0x00305AED+182173]
	GetHandleVerifier [0x002EF948+91640]
	GetHandleVerifier [0x002EFAF0+92064]
	GetHandleVerifier [0x002DA5B0+4704]
	BaseThreadInitThunk [0x767A5D49+25]
	RtlInitializeExceptionChain [0x7706CF0B+107]
	RtlGetAppContainerNamedObjectPath [0x7706CE91+561]
	(No symbol) [0x00000000]

2025-04-18 19:51:33,634 - ERROR - 無法找到登入元素: Message: element not interactable
  (Session info: chrome=135.0.7049.96)
Stacktrace:
	GetHandleVerifier [0x002E8073+60707]
	GetHandleVerifier [0x002E80B4+60772]
	(No symbol) [0x001104FE]
	(No symbol) [0x001597DB]
	(No symbol) [0x0014E215]
	(No symbol) [0x0017D04C]
	(No symbol) [0x0014DCA4]
	(No symbol) [0x0017D2C4]
	(No symbol) [0x0019E824]
	(No symbol) [0x0017CE46]
	(No symbol) [0x0014C5D3]
	(No symbol) [0x0014D424]
	GetHandleVerifier [0x0052BB53+2435075]
	GetHandleVerifier [0x005270F3+2416035]
	GetHandleVerifier [0x0054349C+2531660]
	GetHandleVerifier [0x002FF145+155125]
	GetHandleVerifier [0x00305AED+182173]
	GetHandleVerifier [0x002EF948+91640]
	GetHandleVerifier [0x002EFAF0+92064]
	GetHandleVerifier [0x002DA5B0+4704]
	BaseThreadInitThunk [0x767A5D49+25]
	RtlInitializeExceptionChain [0x7706CF0B+107]
	RtlGetAppContainerNamedObjectPath [0x7706CE91+561]
	(No symbol) [0x00000000]

2025-04-18 19:51:33,884 - ERROR - 驗證碼辨識失敗: Message: unknown error: unhandled inspector error: {"code":-32000,"message":"Cannot take screenshot with 0 width."}
  (Session info: chrome=135.0.7049.96)
Stacktrace:
	GetHandleVerifier [0x002E8073+60707]
	GetHandleVerifier [0x002E80B4+60772]
	(No symbol) [0x00110683]
	(No symbol) [0x001007C0]
	(No symbol) [0x000FF185]
	(No symbol) [0x000FF9ED]
	(No symbol) [0x0011E20A]
	(No symbol) [0x00155A65]
	(No symbol) [0x0017D04C]
	(No symbol) [0x0014DCA4]
	(No symbol) [0x0017D2C4]
	(No symbol) [0x0019E824]
	(No symbol) [0x0017CE46]
	(No symbol) [0x0014C5D3]
	(No symbol) [0x0014D424]
	GetHandleVerifier [0x0052BB53+2435075]
	GetHandleVerifier [0x005270F3+2416035]
	GetHandleVerifier [0x0054349C+2531660]
	GetHandleVerifier [0x002FF145+155125]
	GetHandleVerifier [0x00305AED+182173]
	GetHandleVerifier [0x002EF948+91640]
	GetHandleVerifier [0x002EFAF0+92064]
	GetHandleVerifier [0x002DA5B0+4704]
	BaseThreadInitThunk [0x767A5D49+25]
	RtlInitializeExceptionChain [0x7706CF0B+107]
	RtlGetAppContainerNamedObjectPath [0x7706CE91+561]
	(No symbol) [0x00000000]

2025-04-18 19:51:33,894 - ERROR - 無法找到登入元素: Message: element not interactable
  (Session info: chrome=135.0.7049.96)
Stacktrace:
	GetHandleVerifier [0x002E8073+60707]
	GetHandleVerifier [0x002E80B4+60772]
	(No symbol) [0x001104FE]
	(No symbol) [0x001597DB]
	(No symbol) [0x0014E215]
	(No symbol) [0x0017D04C]
	(No symbol) [0x0014DCA4]
	(No symbol) [0x0017D2C4]
	(No symbol) [0x0019E824]
	(No symbol) [0x0017CE46]
	(No symbol) [0x0014C5D3]
	(No symbol) [0x0014D424]
	GetHandleVerifier [0x0052BB53+2435075]
	GetHandleVerifier [0x005270F3+2416035]
	GetHandleVerifier [0x0054349C+2531660]
	GetHandleVerifier [0x002FF145+155125]
	GetHandleVerifier [0x00305AED+182173]
	GetHandleVerifier [0x002EF948+91640]
	GetHandleVerifier [0x002EFAF0+92064]
	GetHandleVerifier [0x002DA5B0+4704]
	BaseThreadInitThunk [0x767A5D49+25]
	RtlInitializeExceptionChain [0x7706CF0B+107]
	RtlGetAppContainerNamedObjectPath [0x7706CE91+561]
	(No symbol) [0x00000000]

2025-04-18 19:51:34,179 - ERROR - 驗證碼辨識失敗: Message: unknown error: unhandled inspector error: {"code":-32000,"message":"Cannot take screenshot with 0 width."}
  (Session info: chrome=135.0.7049.96)
Stacktrace:
	GetHandleVerifier [0x002E8073+60707]
	GetHandleVerifier [0x002E80B4+60772]
	(No symbol) [0x00110683]
	(No symbol) [0x001007C0]
	(No symbol) [0x000FF185]
	(No symbol) [0x000FF9ED]
	(No symbol) [0x0011E20A]
	(No symbol) [0x00155A65]
	(No symbol) [0x0017D04C]
	(No symbol) [0x0014DCA4]
	(No symbol) [0x0017D2C4]
	(No symbol) [0x0019E824]
	(No symbol) [0x0017CE46]
	(No symbol) [0x0014C5D3]
	(No symbol) [0x0014D424]
	GetHandleVerifier [0x0052BB53+2435075]
	GetHandleVerifier [0x005270F3+2416035]
	GetHandleVerifier [0x0054349C+2531660]
	GetHandleVerifier [0x002FF145+155125]
	GetHandleVerifier [0x00305AED+182173]
	GetHandleVerifier [0x002EF948+91640]
	GetHandleVerifier [0x002EFAF0+92064]
	GetHandleVerifier [0x002DA5B0+4704]
	BaseThreadInitThunk [0x767A5D49+25]
	RtlInitializeExceptionChain [0x7706CF0B+107]
	RtlGetAppContainerNamedObjectPath [0x7706CE91+561]
	(No symbol) [0x00000000]

2025-04-18 19:51:34,190 - ERROR - 無法找到登入元素: Message: element not interactable
  (Session info: chrome=135.0.7049.96)
Stacktrace:
	GetHandleVerifier [0x002E8073+60707]
	GetHandleVerifier [0x002E80B4+60772]
	(No symbol) [0x001104FE]
	(No symbol) [0x001597DB]
	(No symbol) [0x0014E215]
	(No symbol) [0x0017D04C]
	(No symbol) [0x0014DCA4]
	(No symbol) [0x0017D2C4]
	(No symbol) [0x0019E824]
	(No symbol) [0x0017CE46]
	(No symbol) [0x0014C5D3]
	(No symbol) [0x0014D424]
	GetHandleVerifier [0x0052BB53+2435075]
	GetHandleVerifier [0x005270F3+2416035]
	GetHandleVerifier [0x0054349C+2531660]
	GetHandleVerifier [0x002FF145+155125]
	GetHandleVerifier [0x00305AED+182173]
	GetHandleVerifier [0x002EF948+91640]
	GetHandleVerifier [0x002EFAF0+92064]
	GetHandleVerifier [0x002DA5B0+4704]
	BaseThreadInitThunk [0x767A5D49+25]
	RtlInitializeExceptionChain [0x7706CF0B+107]
	RtlGetAppContainerNamedObjectPath [0x7706CE91+561]
	(No symbol) [0x00000000]

2025-04-18 19:51:34,608 - ERROR - 驗證碼辨識失敗: Message: unknown error: unhandled inspector error: {"code":-32000,"message":"Cannot take screenshot with 0 width."}
  (Session info: chrome=135.0.7049.96)
Stacktrace:
	GetHandleVerifier [0x002E8073+60707]
	GetHandleVerifier [0x002E80B4+60772]
	(No symbol) [0x00110683]
	(No symbol) [0x001007C0]
	(No symbol) [0x000FF185]
	(No symbol) [0x000FF9ED]
	(No symbol) [0x0011E20A]
	(No symbol) [0x00155A65]
	(No symbol) [0x0017D04C]
	(No symbol) [0x0014DCA4]
	(No symbol) [0x0017D2C4]
	(No symbol) [0x0019E824]
	(No symbol) [0x0017CE46]
	(No symbol) [0x0014C5D3]
	(No symbol) [0x0014D424]
	GetHandleVerifier [0x0052BB53+2435075]
	GetHandleVerifier [0x005270F3+2416035]
	GetHandleVerifier [0x0054349C+2531660]
	GetHandleVerifier [0x002FF145+155125]
	GetHandleVerifier [0x00305AED+182173]
	GetHandleVerifier [0x002EF948+91640]
	GetHandleVerifier [0x002EFAF0+92064]
	GetHandleVerifier [0x002DA5B0+4704]
	BaseThreadInitThunk [0x767A5D49+25]
	RtlInitializeExceptionChain [0x7706CF0B+107]
	RtlGetAppContainerNamedObjectPath [0x7706CE91+561]
	(No symbol) [0x00000000]

2025-04-18 19:51:34,621 - ERROR - 無法找到登入元素: Message: element not interactable
  (Session info: chrome=135.0.7049.96)
Stacktrace:
	GetHandleVerifier [0x002E8073+60707]
	GetHandleVerifier [0x002E80B4+60772]
	(No symbol) [0x001104FE]
	(No symbol) [0x001597DB]
	(No symbol) [0x0014E215]
	(No symbol) [0x0017D04C]
	(No symbol) [0x0014DCA4]
	(No symbol) [0x0017D2C4]
	(No symbol) [0x0019E824]
	(No symbol) [0x0017CE46]
	(No symbol) [0x0014C5D3]
	(No symbol) [0x0014D424]
	GetHandleVerifier [0x0052BB53+2435075]
	GetHandleVerifier [0x005270F3+2416035]
	GetHandleVerifier [0x0054349C+2531660]
	GetHandleVerifier [0x002FF145+155125]
	GetHandleVerifier [0x00305AED+182173]
	GetHandleVerifier [0x002EF948+91640]
	GetHandleVerifier [0x002EFAF0+92064]
	GetHandleVerifier [0x002DA5B0+4704]
	BaseThreadInitThunk [0x767A5D49+25]
	RtlInitializeExceptionChain [0x7706CF0B+107]
	RtlGetAppContainerNamedObjectPath [0x7706CE91+561]
	(No symbol) [0x00000000]

2025-04-18 19:51:35,020 - ERROR - 驗證碼辨識失敗: Message: unknown error: unhandled inspector error: {"code":-32000,"message":"Cannot take screenshot with 0 width."}
  (Session info: chrome=135.0.7049.96)
Stacktrace:
	GetHandleVerifier [0x002E8073+60707]
	GetHandleVerifier [0x002E80B4+60772]
	(No symbol) [0x00110683]
	(No symbol) [0x001007C0]
	(No symbol) [0x000FF185]
	(No symbol) [0x000FF9ED]
	(No symbol) [0x0011E20A]
	(No symbol) [0x00155A65]
	(No symbol) [0x0017D04C]
	(No symbol) [0x0014DCA4]
	(No symbol) [0x0017D2C4]
	(No symbol) [0x0019E824]
	(No symbol) [0x0017CE46]
	(No symbol) [0x0014C5D3]
	(No symbol) [0x0014D424]
	GetHandleVerifier [0x0052BB53+2435075]
	GetHandleVerifier [0x005270F3+2416035]
	GetHandleVerifier [0x0054349C+2531660]
	GetHandleVerifier [0x002FF145+155125]
	GetHandleVerifier [0x00305AED+182173]
	GetHandleVerifier [0x002EF948+91640]
	GetHandleVerifier [0x002EFAF0+92064]
	GetHandleVerifier [0x002DA5B0+4704]
	BaseThreadInitThunk [0x767A5D49+25]
	RtlInitializeExceptionChain [0x7706CF0B+107]
	RtlGetAppContainerNamedObjectPath [0x7706CE91+561]
	(No symbol) [0x00000000]

2025-04-18 19:51:35,030 - ERROR - 無法找到登入元素: Message: element not interactable
  (Session info: chrome=135.0.7049.96)
Stacktrace:
	GetHandleVerifier [0x002E8073+60707]
	GetHandleVerifier [0x002E80B4+60772]
	(No symbol) [0x001104FE]
	(No symbol) [0x001597DB]
	(No symbol) [0x0014E215]
	(No symbol) [0x0017D04C]
	(No symbol) [0x0014DCA4]
	(No symbol) [0x0017D2C4]
	(No symbol) [0x0019E824]
	(No symbol) [0x0017CE46]
	(No symbol) [0x0014C5D3]
	(No symbol) [0x0014D424]
	GetHandleVerifier [0x0052BB53+2435075]
	GetHandleVerifier [0x005270F3+2416035]
	GetHandleVerifier [0x0054349C+2531660]
	GetHandleVerifier [0x002FF145+155125]
	GetHandleVerifier [0x00305AED+182173]
	GetHandleVerifier [0x002EF948+91640]
	GetHandleVerifier [0x002EFAF0+92064]
	GetHandleVerifier [0x002DA5B0+4704]
	BaseThreadInitThunk [0x767A5D49+25]
	RtlInitializeExceptionChain [0x7706CF0B+107]
	RtlGetAppContainerNamedObjectPath [0x7706CE91+561]
	(No symbol) [0x00000000]

2025-04-18 19:51:35,272 - ERROR - 驗證碼辨識失敗: Message: unknown error: unhandled inspector error: {"code":-32000,"message":"Cannot take screenshot with 0 width."}
  (Session info: chrome=135.0.7049.96)
Stacktrace:
	GetHandleVerifier [0x002E8073+60707]
	GetHandleVerifier [0x002E80B4+60772]
	(No symbol) [0x00110683]
	(No symbol) [0x001007C0]
	(No symbol) [0x000FF185]
	(No symbol) [0x000FF9ED]
	(No symbol) [0x0011E20A]
	(No symbol) [0x00155A65]
	(No symbol) [0x0017D04C]
	(No symbol) [0x0014DCA4]
	(No symbol) [0x0017D2C4]
	(No symbol) [0x0019E824]
	(No symbol) [0x0017CE46]
	(No symbol) [0x0014C5D3]
	(No symbol) [0x0014D424]
	GetHandleVerifier [0x0052BB53+2435075]
	GetHandleVerifier [0x005270F3+2416035]
	GetHandleVerifier [0x0054349C+2531660]
	GetHandleVerifier [0x002FF145+155125]
	GetHandleVerifier [0x00305AED+182173]
	GetHandleVerifier [0x002EF948+91640]
	GetHandleVerifier [0x002EFAF0+92064]
	GetHandleVerifier [0x002DA5B0+4704]
	BaseThreadInitThunk [0x767A5D49+25]
	RtlInitializeExceptionChain [0x7706CF0B+107]
	RtlGetAppContainerNamedObjectPath [0x7706CE91+561]
	(No symbol) [0x00000000]

2025-04-18 19:51:35,283 - ERROR - 無法找到登入元素: Message: element not interactable
  (Session info: chrome=135.0.7049.96)
Stacktrace:
	GetHandleVerifier [0x002E8073+60707]
	GetHandleVerifier [0x002E80B4+60772]
	(No symbol) [0x001104FE]
	(No symbol) [0x001597DB]
	(No symbol) [0x0014E215]
	(No symbol) [0x0017D04C]
	(No symbol) [0x0014DCA4]
	(No symbol) [0x0017D2C4]
	(No symbol) [0x0019E824]
	(No symbol) [0x0017CE46]
	(No symbol) [0x0014C5D3]
	(No symbol) [0x0014D424]
	GetHandleVerifier [0x0052BB53+2435075]
	GetHandleVerifier [0x005270F3+2416035]
	GetHandleVerifier [0x0054349C+2531660]
	GetHandleVerifier [0x002FF145+155125]
	GetHandleVerifier [0x00305AED+182173]
	GetHandleVerifier [0x002EF948+91640]
	GetHandleVerifier [0x002EFAF0+92064]
	GetHandleVerifier [0x002DA5B0+4704]
	BaseThreadInitThunk [0x767A5D49+25]
	RtlInitializeExceptionChain [0x7706CF0B+107]
	RtlGetAppContainerNamedObjectPath [0x7706CE91+561]
	(No symbol) [0x00000000]

2025-04-18 19:51:35,569 - ERROR - 驗證碼辨識失敗: Message: unknown error: unhandled inspector error: {"code":-32000,"message":"Cannot take screenshot with 0 width."}
  (Session info: chrome=135.0.7049.96)
Stacktrace:
	GetHandleVerifier [0x002E8073+60707]
	GetHandleVerifier [0x002E80B4+60772]
	(No symbol) [0x00110683]
	(No symbol) [0x001007C0]
	(No symbol) [0x000FF185]
	(No symbol) [0x000FF9ED]
	(No symbol) [0x0011E20A]
	(No symbol) [0x00155A65]
	(No symbol) [0x0017D04C]
	(No symbol) [0x0014DCA4]
	(No symbol) [0x0017D2C4]
	(No symbol) [0x0019E824]
	(No symbol) [0x0017CE46]
	(No symbol) [0x0014C5D3]
	(No symbol) [0x0014D424]
	GetHandleVerifier [0x0052BB53+2435075]
	GetHandleVerifier [0x005270F3+2416035]
	GetHandleVerifier [0x0054349C+2531660]
	GetHandleVerifier [0x002FF145+155125]
	GetHandleVerifier [0x00305AED+182173]
	GetHandleVerifier [0x002EF948+91640]
	GetHandleVerifier [0x002EFAF0+92064]
	GetHandleVerifier [0x002DA5B0+4704]
	BaseThreadInitThunk [0x767A5D49+25]
	RtlInitializeExceptionChain [0x7706CF0B+107]
	RtlGetAppContainerNamedObjectPath [0x7706CE91+561]
	(No symbol) [0x00000000]

2025-04-18 19:51:35,582 - ERROR - 無法找到登入元素: Message: element not interactable
  (Session info: chrome=135.0.7049.96)
Stacktrace:
	GetHandleVerifier [0x002E8073+60707]
	GetHandleVerifier [0x002E80B4+60772]
	(No symbol) [0x001104FE]
	(No symbol) [0x001597DB]
	(No symbol) [0x0014E215]
	(No symbol) [0x0017D04C]
	(No symbol) [0x0014DCA4]
	(No symbol) [0x0017D2C4]
	(No symbol) [0x0019E824]
	(No symbol) [0x0017CE46]
	(No symbol) [0x0014C5D3]
	(No symbol) [0x0014D424]
	GetHandleVerifier [0x0052BB53+2435075]
	GetHandleVerifier [0x005270F3+2416035]
	GetHandleVerifier [0x0054349C+2531660]
	GetHandleVerifier [0x002FF145+155125]
	GetHandleVerifier [0x00305AED+182173]
	GetHandleVerifier [0x002EF948+91640]
	GetHandleVerifier [0x002EFAF0+92064]
	GetHandleVerifier [0x002DA5B0+4704]
	BaseThreadInitThunk [0x767A5D49+25]
	RtlInitializeExceptionChain [0x7706CF0B+107]
	RtlGetAppContainerNamedObjectPath [0x7706CE91+561]
	(No symbol) [0x00000000]

2025-04-18 19:51:36,008 - ERROR - 驗證碼辨識失敗: Message: unknown error: unhandled inspector error: {"code":-32000,"message":"Cannot take screenshot with 0 width."}
  (Session info: chrome=135.0.7049.96)
Stacktrace:
	GetHandleVerifier [0x002E8073+60707]
	GetHandleVerifier [0x002E80B4+60772]
	(No symbol) [0x00110683]
	(No symbol) [0x001007C0]
	(No symbol) [0x000FF185]
	(No symbol) [0x000FF9ED]
	(No symbol) [0x0011E20A]
	(No symbol) [0x00155A65]
	(No symbol) [0x0017D04C]
	(No symbol) [0x0014DCA4]
	(No symbol) [0x0017D2C4]
	(No symbol) [0x0019E824]
	(No symbol) [0x0017CE46]
	(No symbol) [0x0014C5D3]
	(No symbol) [0x0014D424]
	GetHandleVerifier [0x0052BB53+2435075]
	GetHandleVerifier [0x005270F3+2416035]
	GetHandleVerifier [0x0054349C+2531660]
	GetHandleVerifier [0x002FF145+155125]
	GetHandleVerifier [0x00305AED+182173]
	GetHandleVerifier [0x002EF948+91640]
	GetHandleVerifier [0x002EFAF0+92064]
	GetHandleVerifier [0x002DA5B0+4704]
	BaseThreadInitThunk [0x767A5D49+25]
	RtlInitializeExceptionChain [0x7706CF0B+107]
	RtlGetAppContainerNamedObjectPath [0x7706CE91+561]
	(No symbol) [0x00000000]

2025-04-18 19:51:36,023 - ERROR - 無法找到登入元素: Message: element not interactable
  (Session info: chrome=135.0.7049.96)
Stacktrace:
	GetHandleVerifier [0x002E8073+60707]
	GetHandleVerifier [0x002E80B4+60772]
	(No symbol) [0x001104FE]
	(No symbol) [0x001597DB]
	(No symbol) [0x0014E215]
	(No symbol) [0x0017D04C]
	(No symbol) [0x0014DCA4]
	(No symbol) [0x0017D2C4]
	(No symbol) [0x0019E824]
	(No symbol) [0x0017CE46]
	(No symbol) [0x0014C5D3]
	(No symbol) [0x0014D424]
	GetHandleVerifier [0x0052BB53+2435075]
	GetHandleVerifier [0x005270F3+2416035]
	GetHandleVerifier [0x0054349C+2531660]
	GetHandleVerifier [0x002FF145+155125]
	GetHandleVerifier [0x00305AED+182173]
	GetHandleVerifier [0x002EF948+91640]
	GetHandleVerifier [0x002EFAF0+92064]
	GetHandleVerifier [0x002DA5B0+4704]
	BaseThreadInitThunk [0x767A5D49+25]
	RtlInitializeExceptionChain [0x7706CF0B+107]
	RtlGetAppContainerNamedObjectPath [0x7706CE91+561]
	(No symbol) [0x00000000]

2025-04-18 19:51:36,490 - ERROR - 驗證碼辨識失敗: 'NoneType' object has no attribute 'encode'
2025-04-18 19:51:36,497 - ERROR - 無法找到登入元素: Message: no such window: target window already closed
from unknown error: web view not found
  (Session info: chrome=135.0.7049.96)
Stacktrace:
	GetHandleVerifier [0x002E8073+60707]
	GetHandleVerifier [0x002E80B4+60772]
	(No symbol) [0x00110683]
	(No symbol) [0x000EFBEE]
	(No symbol) [0x00183C2E]
	(No symbol) [0x0019E129]
	(No symbol) [0x0017CE46]
	(No symbol) [0x0014C5D3]
	(No symbol) [0x0014D424]
	GetHandleVerifier [0x0052BB53+2435075]
	GetHandleVerifier [0x005270F3+2416035]
	GetHandleVerifier [0x0054349C+2531660]
	GetHandleVerifier [0x002FF145+155125]
	GetHandleVerifier [0x00305AED+182173]
	GetHandleVerifier [0x002EF948+91640]
	GetHandleVerifier [0x002EFAF0+92064]
	GetHandleVerifier [0x002DA5B0+4704]
	BaseThreadInitThunk [0x767A5D49+25]
	RtlInitializeExceptionChain [0x7706CF0B+107]
	RtlGetAppContainerNamedObjectPath [0x7706CE91+561]
	(No symbol) [0x00000000]

2025-04-18 19:51:36,499 - ERROR - 無法重導向: Message: no such window: target window already closed
from unknown error: web view not found
  (Session info: chrome=135.0.7049.96)
Stacktrace:
	GetHandleVerifier [0x002E8073+60707]
	GetHandleVerifier [0x002E80B4+60772]
	(No symbol) [0x00110683]
	(No symbol) [0x000EFBEE]
	(No symbol) [0x00183C2E]
	(No symbol) [0x0019E129]
	(No symbol) [0x0017CE46]
	(No symbol) [0x0014C5D3]
	(No symbol) [0x0014D424]
	GetHandleVerifier [0x0052BB53+2435075]
	GetHandleVerifier [0x005270F3+2416035]
	GetHandleVerifier [0x0054349C+2531660]
	GetHandleVerifier [0x002FF145+155125]
	GetHandleVerifier [0x00305AED+182173]
	GetHandleVerifier [0x002EF948+91640]
	GetHandleVerifier [0x002EFAF0+92064]
	GetHandleVerifier [0x002DA5B0+4704]
	BaseThreadInitThunk [0x767A5D49+25]
	RtlInitializeExceptionChain [0x7706CF0B+107]
	RtlGetAppContainerNamedObjectPath [0x7706CE91+561]
	(No symbol) [0x00000000]

2025-04-18 19:51:36,500 - ERROR - 無法找到元素: Message: no such window: target window already closed
from unknown error: web view not found
  (Session info: chrome=135.0.7049.96)
Stacktrace:
	GetHandleVerifier [0x002E8073+60707]
	GetHandleVerifier [0x002E80B4+60772]
	(No symbol) [0x00110683]
	(No symbol) [0x000EFBEE]
	(No symbol) [0x00183C2E]
	(No symbol) [0x0019E129]
	(No symbol) [0x0017CE46]
	(No symbol) [0x0014C5D3]
	(No symbol) [0x0014D424]
	GetHandleVerifier [0x0052BB53+2435075]
	GetHandleVerifier [0x005270F3+2416035]
	GetHandleVerifier [0x0054349C+2531660]
	GetHandleVerifier [0x002FF145+155125]
	GetHandleVerifier [0x00305AED+182173]
	GetHandleVerifier [0x002EF948+91640]
	GetHandleVerifier [0x002EFAF0+92064]
	GetHandleVerifier [0x002DA5B0+4704]
	BaseThreadInitThunk [0x767A5D49+25]
	RtlInitializeExceptionChain [0x7706CF0B+107]
	RtlGetAppContainerNamedObjectPath [0x7706CE91+561]
	(No symbol) [0x00000000]

2025-04-18 19:51:36,500 - ERROR - An error occurred: 無法找到元素: {'by': 'id', 'value': 'username'}
2025-04-18 20:13:48,276 - ERROR - An error occurred: list index out of range
2025-04-18 20:16:33,425 - ERROR - 沒有提供重定向網址
2025-04-18 20:16:34,436 - ERROR - 沒有提供重定向網址
2025-04-18 20:16:45,590 - ERROR - 沒有提供重定向網址
2025-04-18 20:25:26,144 - ERROR - 沒有提供重定向網址
2025-04-18 20:25:26,489 - ERROR - 沒有提供重定向網址
2025-04-18 20:25:40,501 - ERROR - 沒有提供重定向網址
2025-04-18 22:27:22,181 - ERROR - 沒有提供重定向網址
